// Jest Snapshot v1, https://goo.gl/fbAQLP

exports[`index matches the snapshot 1`] = `
Object {
  "B": [Function],
  "CS": [Function],
  "Do": [Function],
  "F": [Function],
  "G": [Function],
  "J": [Function],
  "K": [Function],
  "M": [Function],
  "Q": [Function],
  "RG": [Function],
  "S": [Function],
  "SC": [Function],
  "SCN": [Function],
  "T": Object {
    "asterisk": [Function],
  },
  "TD": [Function],
  "TJ": [Function],
  "TL": [Function],
  "Tc": [Function],
  "Td": [Function],
  "Tf": [Function],
  "Tj": [Function],
  "Tm": [Function],
  "Tr": [Function],
  "Ts": [Function],
  "Tw": [Function],
  "Tz": [Function],
  "W": [Function],
  "b": [Function],
  "c": [Function],
  "cm": [Function],
  "cs": [Function],
  "d": [Function],
  "f": [Function],
  "g": [Function],
  "gs": [Function],
  "h": [Function],
  "i": [Function],
  "j": [Function],
  "k": [Function],
  "l": [Function],
  "m": [Function],
  "n": [Function],
  "q": [Function],
  "quote": Object {
    "double": [Function],
    "single": [Function],
  },
  "re": [Function],
  "rg": [Function],
  "ri": [Function],
  "s": [Function],
  "sc": [Function],
  "scn": [Function],
  "v": [Function],
  "w": [Function],
  "y": [Function],
}
`;
